Test report contents
